[2026-07-23T06:24:53.052+0000] {local_task_job_runner.py:123} INFO - ::group::Pre task execution logs
[2026-07-23T06:24:53.092+0000] {taskinstance.py:2612} INFO - Dependencies all met for dep_context=non-requeueable deps ti=<TaskInstance: youtube_medallion_pipeline.transform_and_load_gold_layer manual__2026-07-23T06:23:08+00:00 [queued]>
[2026-07-23T06:24:53.110+0000] {taskinstance.py:2612} INFO - Dependencies all met for dep_context=requeueable deps ti=<TaskInstance: youtube_medallion_pipeline.transform_and_load_gold_layer manual__2026-07-23T06:23:08+00:00 [queued]>
[2026-07-23T06:24:53.112+0000] {taskinstance.py:2865} INFO - Starting attempt 1 of 2
[2026-07-23T06:24:53.147+0000] {taskinstance.py:2888} INFO - Executing <Task(BashOperator): transform_and_load_gold_layer> on 2026-07-23 06:23:08+00:00
[2026-07-23T06:24:53.164+0000] {standard_task_runner.py:104} INFO - Running: ['***', 'tasks', 'run', 'youtube_medallion_pipeline', 'transform_and_load_gold_layer', 'manual__2026-07-23T06:23:08+00:00', '--job-id', '5', '--raw', '--subdir', 'DAGS_FOLDER/youtube_medallion_pipeline.py', '--cfg-path', '/tmp/tmp10yrvc30']
[2026-07-23T06:24:53.168+0000] {standard_task_runner.py:105} INFO - Job 5: Subtask transform_and_load_gold_layer
[2026-07-23T06:24:53.170+0000] {logging_mixin.py:190} WARNING - /home/***/.local/lib/python3.12/site-packages/***/task/task_runner/standard_task_runner.py:70 DeprecationWarning: This process (pid=510) is multi-threaded, use of fork() may lead to deadlocks in the child.
[2026-07-23T06:24:53.172+0000] {standard_task_runner.py:72} INFO - Started process 511 to run task
[2026-07-23T06:24:53.295+0000] {task_command.py:467} INFO - Running <TaskInstance: youtube_medallion_pipeline.transform_and_load_gold_layer manual__2026-07-23T06:23:08+00:00 [running]> on host 0abbff909cff
[2026-07-23T06:24:53.464+0000] {taskinstance.py:3131} INFO - Exporting env vars: AIRFLOW_CTX_DAG_OWNER='data_engineering_team' AIRFLOW_CTX_DAG_ID='youtube_medallion_pipeline' AIRFLOW_CTX_TASK_ID='transform_and_load_gold_layer' AIRFLOW_CTX_EXECUTION_DATE='2026-07-23T06:23:08+00:00' AIRFLOW_CTX_TRY_NUMBER='1' AIRFLOW_CTX_DAG_RUN_ID='manual__2026-07-23T06:23:08+00:00'
[2026-07-23T06:24:53.466+0000] {taskinstance.py:731} INFO - ::endgroup::
[2026-07-23T06:24:53.487+0000] {subprocess.py:63} INFO - Tmp dir root location: /tmp
[2026-07-23T06:24:53.491+0000] {subprocess.py:75} INFO - Running command: ['/usr/bin/bash', '-c', 'python /opt/***/scripts/run_pipeline.py --batch "initial" --step gold']
[2026-07-23T06:24:53.513+0000] {subprocess.py:86} INFO - Output:
[2026-07-23T06:24:56.318+0000] {subprocess.py:93} INFO - ============================================================
[2026-07-23T06:24:56.320+0000] {subprocess.py:93} INFO - STARTING PIPELINE EXECUTION
[2026-07-23T06:24:56.321+0000] {subprocess.py:93} INFO - Run ID:     run_initial_20260723_062454_4682
[2026-07-23T06:24:56.324+0000] {subprocess.py:93} INFO - Batch Type: INITIAL
[2026-07-23T06:24:56.326+0000] {subprocess.py:93} INFO - Step:       GOLD
[2026-07-23T06:24:56.327+0000] {subprocess.py:93} INFO - Reset DB:   False
[2026-07-23T06:24:56.329+0000] {subprocess.py:93} INFO - ============================================================
[2026-07-23T06:24:56.332+0000] {subprocess.py:93} INFO - 
[2026-07-23T06:24:56.334+0000] {subprocess.py:93} INFO - ========================================
[2026-07-23T06:24:56.335+0000] {subprocess.py:93} INFO - RUNNING GOLD LAYER STAGE - BATCH ID: run_initial_20260723_062454_4682
[2026-07-23T06:24:56.337+0000] {subprocess.py:93} INFO - ========================================
[2026-07-23T06:24:56.339+0000] {subprocess.py:93} INFO - Executing Gold layer transformations (SCD Type 1 & 2, Facts, Marts)...
[2026-07-23T06:24:56.341+0000] {subprocess.py:93} INFO - Gold transformations completed successfully.
[2026-07-23T06:24:56.342+0000] {subprocess.py:93} INFO - 
[2026-07-23T06:24:56.343+0000] {subprocess.py:93} INFO - ========================================
[2026-07-23T06:24:56.346+0000] {subprocess.py:93} INFO - GOLD LAYER SUMMARY
[2026-07-23T06:24:56.348+0000] {subprocess.py:93} INFO - Channels in Dimension: 20006 (including dummy & historical versions)
[2026-07-23T06:24:56.349+0000] {subprocess.py:93} INFO - Videos in Dimension:   50001
[2026-07-23T06:24:56.351+0000] {subprocess.py:93} INFO - Total Fact Rows:       50005
[2026-07-23T06:24:56.353+0000] {subprocess.py:93} INFO - ========================================
[2026-07-23T06:24:56.354+0000] {subprocess.py:93} INFO - 
[2026-07-23T06:24:56.355+0000] {subprocess.py:93} INFO - ============================================================
[2026-07-23T06:24:56.356+0000] {subprocess.py:93} INFO - PIPELINE COMPLETED SUCCESSFULLY!
[2026-07-23T06:24:56.358+0000] {subprocess.py:93} INFO - ============================================================
[2026-07-23T06:24:56.519+0000] {subprocess.py:97} INFO - Command exited with return code 0
[2026-07-23T06:24:56.573+0000] {taskinstance.py:340} INFO - ::group::Post task execution logs
[2026-07-23T06:24:56.575+0000] {taskinstance.py:352} INFO - Marking task as SUCCESS. dag_id=youtube_medallion_pipeline, task_id=transform_and_load_gold_layer, run_id=manual__2026-07-23T06:23:08+00:00, execution_date=20260723T062308, start_date=20260723T062453, end_date=20260723T062456
[2026-07-23T06:24:56.610+0000] {local_task_job_runner.py:266} INFO - Task exited with return code 0
[2026-07-23T06:24:56.642+0000] {taskinstance.py:3900} INFO - 0 downstream tasks scheduled from follow-on schedule check
[2026-07-23T06:24:56.646+0000] {local_task_job_runner.py:245} INFO - ::endgroup::
