[2026-07-23T07:20:54.983+0000] {local_task_job_runner.py:123} INFO - ::group::Pre task execution logs
[2026-07-23T07:20:55.022+0000] {taskinstance.py:2612} INFO - Dependencies all met for dep_context=non-requeueable deps ti=<TaskInstance: youtube_medallion_pipeline.transform_and_load_gold_layer manual__2026-07-23T07:19:01.697127+00:00 [queued]>
[2026-07-23T07:20:55.038+0000] {taskinstance.py:2612} INFO - Dependencies all met for dep_context=requeueable deps ti=<TaskInstance: youtube_medallion_pipeline.transform_and_load_gold_layer manual__2026-07-23T07:19:01.697127+00:00 [queued]>
[2026-07-23T07:20:55.040+0000] {taskinstance.py:2865} INFO - Starting attempt 1 of 2
[2026-07-23T07:20:55.066+0000] {taskinstance.py:2888} INFO - Executing <Task(BashOperator): transform_and_load_gold_layer> on 2026-07-23 07:19:01.697127+00:00
[2026-07-23T07:20:55.085+0000] {standard_task_runner.py:104} INFO - Running: ['***', 'tasks', 'run', 'youtube_medallion_pipeline', 'transform_and_load_gold_layer', 'manual__2026-07-23T07:19:01.697127+00:00', '--job-id', '14', '--raw', '--subdir', 'DAGS_FOLDER/youtube_medallion_pipeline.py', '--cfg-path', '/tmp/tmp5c8rvyxe']
[2026-07-23T07:20:55.090+0000] {standard_task_runner.py:105} INFO - Job 14: Subtask transform_and_load_gold_layer
[2026-07-23T07:20:55.092+0000] {logging_mixin.py:190} WARNING - /home/***/.local/lib/python3.12/site-packages/***/task/task_runner/standard_task_runner.py:70 DeprecationWarning: This process (pid=901) is multi-threaded, use of fork() may lead to deadlocks in the child.
[2026-07-23T07:20:55.093+0000] {standard_task_runner.py:72} INFO - Started process 902 to run task
[2026-07-23T07:20:55.207+0000] {task_command.py:467} INFO - Running <TaskInstance: youtube_medallion_pipeline.transform_and_load_gold_layer manual__2026-07-23T07:19:01.697127+00:00 [running]> on host cf34b06c6322
[2026-07-23T07:20:55.392+0000] {taskinstance.py:3131} INFO - Exporting env vars: AIRFLOW_CTX_DAG_OWNER='data_engineering_team' AIRFLOW_CTX_DAG_ID='youtube_medallion_pipeline' AIRFLOW_CTX_TASK_ID='transform_and_load_gold_layer' AIRFLOW_CTX_EXECUTION_DATE='2026-07-23T07:19:01.697127+00:00' AIRFLOW_CTX_TRY_NUMBER='1' AIRFLOW_CTX_DAG_RUN_ID='manual__2026-07-23T07:19:01.697127+00:00'
[2026-07-23T07:20:55.396+0000] {taskinstance.py:731} INFO - ::endgroup::
[2026-07-23T07:20:55.440+0000] {subprocess.py:63} INFO - Tmp dir root location: /tmp
[2026-07-23T07:20:55.705+0000] {subprocess.py:75} INFO - Running command: ['/usr/bin/bash', '-c', 'python /opt/***/scripts/run_pipeline.py --batch "initial" --step gold']
[2026-07-23T07:20:55.726+0000] {subprocess.py:86} INFO - Output:
[2026-07-23T07:20:59.196+0000] {subprocess.py:93} INFO - /opt/***/scripts/stage_gold.py:39: UserWarning: pandas only supports SQLAlchemy connectable (engine/connection) or database string URI or sqlite3 DBAPI2 connection. Other DBAPI2 objects are not tested. Please consider using SQLAlchemy.
[2026-07-23T07:20:59.197+0000] {subprocess.py:93} INFO -   df = pd.read_sql(query, conn)
[2026-07-23T07:21:07.558+0000] {subprocess.py:93} INFO - ============================================================
[2026-07-23T07:21:07.560+0000] {subprocess.py:93} INFO - STARTING PIPELINE EXECUTION
[2026-07-23T07:21:07.564+0000] {subprocess.py:93} INFO - Run ID:     run_initial_20260723_072057_11fc
[2026-07-23T07:21:07.565+0000] {subprocess.py:93} INFO - Batch Type: INITIAL
[2026-07-23T07:21:07.567+0000] {subprocess.py:93} INFO - Step:       GOLD
[2026-07-23T07:21:07.569+0000] {subprocess.py:93} INFO - Reset DB:   False
[2026-07-23T07:21:07.571+0000] {subprocess.py:93} INFO - ============================================================
[2026-07-23T07:21:07.572+0000] {subprocess.py:93} INFO - 
[2026-07-23T07:21:07.573+0000] {subprocess.py:93} INFO - ========================================
[2026-07-23T07:21:07.575+0000] {subprocess.py:93} INFO - RUNNING GOLD LAYER STAGE - BATCH ID: run_initial_20260723_072057_11fc
[2026-07-23T07:21:07.578+0000] {subprocess.py:93} INFO - ========================================
[2026-07-23T07:21:07.579+0000] {subprocess.py:93} INFO - Executing Gold layer transformations (SCD Type 1 & 2, Facts, Marts)...
[2026-07-23T07:21:07.580+0000] {subprocess.py:93} INFO - Gold transformations completed successfully.
[2026-07-23T07:21:07.582+0000] {subprocess.py:93} INFO - 
[2026-07-23T07:21:07.585+0000] {subprocess.py:93} INFO - Exporting Gold layers and reporting marts to physical disk folders...
[2026-07-23T07:21:07.586+0000] {subprocess.py:93} INFO - Exported gold.dim_channels to /opt/***/gold/dim_channels/dim_channels.csv (14001 rows).
[2026-07-23T07:21:07.587+0000] {subprocess.py:93} INFO - Exported gold.dim_videos to /opt/***/gold/dim_videos/dim_videos.csv (35001 rows).
[2026-07-23T07:21:07.589+0000] {subprocess.py:93} INFO - Exported gold.fact_video_stats to /opt/***/gold/fact_video_stats/fact_video_stats.csv (35000 rows).
[2026-07-23T07:21:07.592+0000] {subprocess.py:93} INFO - Exported gold.mart_channel_performance to /opt/***/gold/mart_channel_performance/mart_channel_performance.csv (7929 rows).
[2026-07-23T07:21:07.593+0000] {subprocess.py:93} INFO - Exported gold.mart_category_insights to /opt/***/gold/mart_category_insights/mart_category_insights.csv (358 rows).
[2026-07-23T07:21:07.594+0000] {subprocess.py:93} INFO - Exported gold.mart_kpi_summary to /opt/***/gold/mart_kpi_summary/mart_kpi_summary.csv (1 rows).
[2026-07-23T07:21:07.595+0000] {subprocess.py:93} INFO - 
[2026-07-23T07:21:07.598+0000] {subprocess.py:93} INFO - ========================================
[2026-07-23T07:21:07.599+0000] {subprocess.py:93} INFO - GOLD LAYER SUMMARY
[2026-07-23T07:21:07.601+0000] {subprocess.py:93} INFO - Channels in Dimension: 14001 (including dummy & historical versions)
[2026-07-23T07:21:07.602+0000] {subprocess.py:93} INFO - Videos in Dimension:   35001
[2026-07-23T07:21:07.604+0000] {subprocess.py:93} INFO - Total Fact Rows:       35000
[2026-07-23T07:21:07.606+0000] {subprocess.py:93} INFO - ========================================
[2026-07-23T07:21:07.607+0000] {subprocess.py:93} INFO - 
[2026-07-23T07:21:07.608+0000] {subprocess.py:93} INFO - ============================================================
[2026-07-23T07:21:07.609+0000] {subprocess.py:93} INFO - PIPELINE COMPLETED SUCCESSFULLY!
[2026-07-23T07:21:07.612+0000] {subprocess.py:93} INFO - ============================================================
[2026-07-23T07:21:07.770+0000] {subprocess.py:97} INFO - Command exited with return code 0
[2026-07-23T07:21:07.838+0000] {taskinstance.py:340} INFO - ::group::Post task execution logs
[2026-07-23T07:21:07.841+0000] {taskinstance.py:352} INFO - Marking task as SUCCESS. dag_id=youtube_medallion_pipeline, task_id=transform_and_load_gold_layer, run_id=manual__2026-07-23T07:19:01.697127+00:00, execution_date=20260723T071901, start_date=20260723T072055, end_date=20260723T072107
[2026-07-23T07:21:07.883+0000] {local_task_job_runner.py:266} INFO - Task exited with return code 0
[2026-07-23T07:21:07.914+0000] {taskinstance.py:3900} INFO - 0 downstream tasks scheduled from follow-on schedule check
[2026-07-23T07:21:07.919+0000] {local_task_job_runner.py:245} INFO - ::endgroup::
