[2026-07-25T07:37:52.072+0000] {local_task_job_runner.py:123} INFO - ::group::Pre task execution logs
[2026-07-25T07:37:52.118+0000] {taskinstance.py:2612} INFO - Dependencies all met for dep_context=non-requeueable deps ti=<TaskInstance: youtube_medallion_pipeline.seed_source_files manual__2026-07-25T07:37:50+00:00 [queued]>
[2026-07-25T07:37:52.143+0000] {taskinstance.py:2612} INFO - Dependencies all met for dep_context=requeueable deps ti=<TaskInstance: youtube_medallion_pipeline.seed_source_files manual__2026-07-25T07:37:50+00:00 [queued]>
[2026-07-25T07:37:52.145+0000] {taskinstance.py:2865} INFO - Starting attempt 1 of 2
[2026-07-25T07:37:52.177+0000] {taskinstance.py:2888} INFO - Executing <Task(BashOperator): seed_source_files> on 2026-07-25 07:37:50+00:00
[2026-07-25T07:37:52.194+0000] {standard_task_runner.py:104} INFO - Running: ['***', 'tasks', 'run', 'youtube_medallion_pipeline', 'seed_source_files', 'manual__2026-07-25T07:37:50+00:00', '--job-id', '3', '--raw', '--subdir', 'DAGS_FOLDER/youtube_medallion_pipeline.py', '--cfg-path', '/tmp/tmpt0ydygtb']
[2026-07-25T07:37:52.198+0000] {standard_task_runner.py:105} INFO - Job 3: Subtask seed_source_files
[2026-07-25T07:37:52.201+0000] {logging_mixin.py:190} WARNING - /home/***/.local/lib/python3.12/site-packages/***/task/task_runner/standard_task_runner.py:70 DeprecationWarning: This process (pid=205) is multi-threaded, use of fork() may lead to deadlocks in the child.
[2026-07-25T07:37:52.204+0000] {standard_task_runner.py:72} INFO - Started process 206 to run task
[2026-07-25T07:37:52.315+0000] {task_command.py:467} INFO - Running <TaskInstance: youtube_medallion_pipeline.seed_source_files manual__2026-07-25T07:37:50+00:00 [running]> on host bda9ba410c04
[2026-07-25T07:37:52.493+0000] {taskinstance.py:3131} INFO - Exporting env vars: AIRFLOW_CTX_DAG_OWNER='data_engineering_team' AIRFLOW_CTX_DAG_ID='youtube_medallion_pipeline' AIRFLOW_CTX_TASK_ID='seed_source_files' AIRFLOW_CTX_EXECUTION_DATE='2026-07-25T07:37:50+00:00' AIRFLOW_CTX_TRY_NUMBER='1' AIRFLOW_CTX_DAG_RUN_ID='manual__2026-07-25T07:37:50+00:00'
[2026-07-25T07:37:52.496+0000] {taskinstance.py:731} INFO - ::endgroup::
[2026-07-25T07:37:52.553+0000] {subprocess.py:63} INFO - Tmp dir root location: /tmp
[2026-07-25T07:37:52.555+0000] {subprocess.py:75} INFO - Running command: ['/usr/bin/bash', '-c', 'python /opt/***/scripts/seed_sources.py --size 50000']
[2026-07-25T07:37:52.575+0000] {subprocess.py:86} INFO - Output:
[2026-07-25T07:37:55.124+0000] {subprocess.py:93} INFO - ============================================================
[2026-07-25T07:37:55.125+0000] {subprocess.py:93} INFO - STARTING DATA SEEDING AND SPLITTING PROCESS
[2026-07-25T07:37:55.127+0000] {subprocess.py:93} INFO - ============================================================
[2026-07-25T07:37:55.129+0000] {subprocess.py:93} INFO - Error: Source file /opt/***/data/channels.csv not found.
[2026-07-25T07:37:55.271+0000] {subprocess.py:97} INFO - Command exited with return code 1
[2026-07-25T07:37:55.292+0000] {taskinstance.py:3310} ERROR - Task failed with exception
Traceback (most recent call last):
  File "/home/airflow/.local/lib/python3.12/site-packages/airflow/models/taskinstance.py", line 767, in _execute_task
    result = _execute_callable(context=context, **execute_callable_kwargs)
             ^^^^^^^^^^^^^^^^^^^^^^^^^^^^^^^^^^^^^^^^^^^^^^^^^^^^^^^^^^^^^
  File "/home/airflow/.local/lib/python3.12/site-packages/airflow/models/taskinstance.py", line 733, in _execute_callable
    return ExecutionCallableRunner(
           ^^^^^^^^^^^^^^^^^^^^^^^^
  File "/home/airflow/.local/lib/python3.12/site-packages/airflow/utils/operator_helpers.py", line 252, in run
    return self.func(*args, **kwargs)
           ^^^^^^^^^^^^^^^^^^^^^^^^^^
  File "/home/airflow/.local/lib/python3.12/site-packages/airflow/models/baseoperator.py", line 406, in wrapper
    return func(self, *args, **kwargs)
           ^^^^^^^^^^^^^^^^^^^^^^^^^^^
  File "/home/airflow/.local/lib/python3.12/site-packages/airflow/operators/bash.py", line 249, in execute
    raise AirflowException(
airflow.exceptions.AirflowException: Bash command failed. The command returned a non-zero exit code 1.
[2026-07-25T07:37:55.307+0000] {taskinstance.py:1225} INFO - Marking task as UP_FOR_RETRY. dag_id=youtube_medallion_pipeline, task_id=seed_source_files, run_id=manual__2026-07-25T07:37:50+00:00, execution_date=20260725T073750, start_date=20260725T073752, end_date=20260725T073755
[2026-07-25T07:37:55.337+0000] {taskinstance.py:340} INFO - ::group::Post task execution logs
[2026-07-25T07:37:55.339+0000] {standard_task_runner.py:124} ERROR - Failed to execute job 3 for task seed_source_files (Bash command failed. The command returned a non-zero exit code 1.; 206)
Traceback (most recent call last):
  File "/home/airflow/.local/lib/python3.12/site-packages/airflow/task/task_runner/standard_task_runner.py", line 117, in _start_by_fork
    ret = args.func(args, dag=self.dag)
          ^^^^^^^^^^^^^^^^^^^^^^^^^^^^^
  File "/home/airflow/.local/lib/python3.12/site-packages/airflow/cli/cli_config.py", line 49, in command
    return func(*args, **kwargs)
           ^^^^^^^^^^^^^^^^^^^^^
  File "/home/airflow/.local/lib/python3.12/site-packages/airflow/utils/cli.py", line 115, in wrapper
    return f(*args, **kwargs)
           ^^^^^^^^^^^^^^^^^^
  File "/home/airflow/.local/lib/python3.12/site-packages/airflow/cli/commands/task_command.py", line 483, in task_run
    task_return_code = _run_task_by_selected_method(args, _dag, ti)
                       ^^^^^^^^^^^^^^^^^^^^^^^^^^^^^^^^^^^^^^^^^^^^
  File "/home/airflow/.local/lib/python3.12/site-packages/airflow/cli/commands/task_command.py", line 256, in _run_task_by_selected_method
    return _run_raw_task(args, ti)
           ^^^^^^^^^^^^^^^^^^^^^^^
  File "/home/airflow/.local/lib/python3.12/site-packages/airflow/cli/commands/task_command.py", line 341, in _run_raw_task
    return ti._run_raw_task(
           ^^^^^^^^^^^^^^^^^
  File "/home/airflow/.local/lib/python3.12/site-packages/airflow/utils/session.py", line 97, in wrapper
    return func(*args, session=session, **kwargs)
           ^^^^^^^^^^^^^^^^^^^^^^^^^^^^^^^^^^^^^^
  File "/home/airflow/.local/lib/python3.12/site-packages/airflow/models/taskinstance.py", line 3004, in _run_raw_task
    return _run_raw_task(
           ^^^^^^^^^^^^^^
  File "/home/airflow/.local/lib/python3.12/site-packages/airflow/models/taskinstance.py", line 273, in _run_raw_task
    TaskInstance._execute_task_with_callbacks(
  File "/home/airflow/.local/lib/python3.12/site-packages/airflow/models/taskinstance.py", line 3158, in _execute_task_with_callbacks
    result = self._execute_task(context, task_orig)
             ^^^^^^^^^^^^^^^^^^^^^^^^^^^^^^^^^^^^^^
  File "/home/airflow/.local/lib/python3.12/site-packages/airflow/models/taskinstance.py", line 3182, in _execute_task
    return _execute_task(self, context, task_orig)
           ^^^^^^^^^^^^^^^^^^^^^^^^^^^^^^^^^^^^^^^
  File "/home/airflow/.local/lib/python3.12/site-packages/airflow/models/taskinstance.py", line 767, in _execute_task
    result = _execute_callable(context=context, **execute_callable_kwargs)
             ^^^^^^^^^^^^^^^^^^^^^^^^^^^^^^^^^^^^^^^^^^^^^^^^^^^^^^^^^^^^^
  File "/home/airflow/.local/lib/python3.12/site-packages/airflow/models/taskinstance.py", line 733, in _execute_callable
    return ExecutionCallableRunner(
           ^^^^^^^^^^^^^^^^^^^^^^^^
  File "/home/airflow/.local/lib/python3.12/site-packages/airflow/utils/operator_helpers.py", line 252, in run
    return self.func(*args, **kwargs)
           ^^^^^^^^^^^^^^^^^^^^^^^^^^
  File "/home/airflow/.local/lib/python3.12/site-packages/airflow/models/baseoperator.py", line 406, in wrapper
    return func(self, *args, **kwargs)
           ^^^^^^^^^^^^^^^^^^^^^^^^^^^
  File "/home/airflow/.local/lib/python3.12/site-packages/airflow/operators/bash.py", line 249, in execute
    raise AirflowException(
airflow.exceptions.AirflowException: Bash command failed. The command returned a non-zero exit code 1.
[2026-07-25T07:37:55.358+0000] {local_task_job_runner.py:266} INFO - Task exited with return code 1
[2026-07-25T07:37:55.395+0000] {taskinstance.py:3900} INFO - 0 downstream tasks scheduled from follow-on schedule check
[2026-07-25T07:37:55.399+0000] {local_task_job_runner.py:245} INFO - ::endgroup::
