[2026-07-23T06:24:39.295+0000] {local_task_job_runner.py:123} INFO - ::group::Pre task execution logs
[2026-07-23T06:24:39.343+0000] {taskinstance.py:2612} INFO - Dependencies all met for dep_context=non-requeueable deps ti=<TaskInstance: youtube_medallion_pipeline.stage_bronze_layer manual__2026-07-23T06:23:08+00:00 [queued]>
[2026-07-23T06:24:39.362+0000] {taskinstance.py:2612} INFO - Dependencies all met for dep_context=requeueable deps ti=<TaskInstance: youtube_medallion_pipeline.stage_bronze_layer manual__2026-07-23T06:23:08+00:00 [queued]>
[2026-07-23T06:24:39.363+0000] {taskinstance.py:2865} INFO - Starting attempt 1 of 2
[2026-07-23T06:24:39.395+0000] {taskinstance.py:2888} INFO - Executing <Task(BashOperator): stage_bronze_layer> on 2026-07-23 06:23:08+00:00
[2026-07-23T06:24:39.409+0000] {standard_task_runner.py:104} INFO - Running: ['***', 'tasks', 'run', 'youtube_medallion_pipeline', 'stage_bronze_layer', 'manual__2026-07-23T06:23:08+00:00', '--job-id', '3', '--raw', '--subdir', 'DAGS_FOLDER/youtube_medallion_pipeline.py', '--cfg-path', '/tmp/tmp12b_nwr4']
[2026-07-23T06:24:39.413+0000] {standard_task_runner.py:105} INFO - Job 3: Subtask stage_bronze_layer
[2026-07-23T06:24:39.415+0000] {logging_mixin.py:190} WARNING - /home/***/.local/lib/python3.12/site-packages/***/task/task_runner/standard_task_runner.py:70 DeprecationWarning: This process (pid=458) is multi-threaded, use of fork() may lead to deadlocks in the child.
[2026-07-23T06:24:39.418+0000] {standard_task_runner.py:72} INFO - Started process 459 to run task
[2026-07-23T06:24:39.533+0000] {task_command.py:467} INFO - Running <TaskInstance: youtube_medallion_pipeline.stage_bronze_layer manual__2026-07-23T06:23:08+00:00 [running]> on host 0abbff909cff
[2026-07-23T06:24:39.723+0000] {taskinstance.py:3131} INFO - Exporting env vars: AIRFLOW_CTX_DAG_OWNER='data_engineering_team' AIRFLOW_CTX_DAG_ID='youtube_medallion_pipeline' AIRFLOW_CTX_TASK_ID='stage_bronze_layer' AIRFLOW_CTX_EXECUTION_DATE='2026-07-23T06:23:08+00:00' AIRFLOW_CTX_TRY_NUMBER='1' AIRFLOW_CTX_DAG_RUN_ID='manual__2026-07-23T06:23:08+00:00'
[2026-07-23T06:24:39.726+0000] {taskinstance.py:731} INFO - ::endgroup::
[2026-07-23T06:24:39.771+0000] {subprocess.py:63} INFO - Tmp dir root location: /tmp
[2026-07-23T06:24:39.775+0000] {subprocess.py:75} INFO - Running command: ['/usr/bin/bash', '-c', '\n        batch="initial"\n        reset_flag=""\n        if [ "$batch" = "initial" ] && [ "false" = "true" ]; then\n            reset_flag="--reset"\n        fi\n        python /opt/***/scripts/run_pipeline.py --batch "$batch" --step bronze $reset_flag\n        ']
[2026-07-23T06:24:39.799+0000] {subprocess.py:86} INFO - Output:
[2026-07-23T06:24:47.951+0000] {subprocess.py:93} INFO - ============================================================
[2026-07-23T06:24:47.954+0000] {subprocess.py:93} INFO - STARTING PIPELINE EXECUTION
[2026-07-23T06:24:47.956+0000] {subprocess.py:93} INFO - Run ID:     run_initial_20260723_062441_f763
[2026-07-23T06:24:47.959+0000] {subprocess.py:93} INFO - Batch Type: INITIAL
[2026-07-23T06:24:47.961+0000] {subprocess.py:93} INFO - Step:       BRONZE
[2026-07-23T06:24:47.962+0000] {subprocess.py:93} INFO - Reset DB:   False
[2026-07-23T06:24:47.964+0000] {subprocess.py:93} INFO - ============================================================
[2026-07-23T06:24:47.967+0000] {subprocess.py:93} INFO - 
[2026-07-23T06:24:47.968+0000] {subprocess.py:93} INFO - ========================================
[2026-07-23T06:24:47.970+0000] {subprocess.py:93} INFO - RUNNING BRONZE LAYER STAGE - BATCH: INITIAL
[2026-07-23T06:24:47.974+0000] {subprocess.py:93} INFO - ========================================
[2026-07-23T06:24:47.975+0000] {subprocess.py:93} INFO - Loading /opt/***/source_data/initial/channels.csv into bronze.channels_raw...
[2026-07-23T06:24:47.977+0000] {subprocess.py:93} INFO - Successfully loaded 14000 rows into bronze.channels_raw.
[2026-07-23T06:24:47.980+0000] {subprocess.py:93} INFO - Loading /opt/***/source_data/initial/videos.csv into bronze.videos_raw...
[2026-07-23T06:24:47.982+0000] {subprocess.py:93} INFO - Successfully loaded 35000 rows into bronze.videos_raw.
[2026-07-23T06:24:47.983+0000] {subprocess.py:93} INFO - Loading /opt/***/source_data/initial/comments.csv into bronze.comments_raw...
[2026-07-23T06:24:47.985+0000] {subprocess.py:93} INFO - Successfully loaded 35000 rows into bronze.comments_raw.
[2026-07-23T06:24:47.987+0000] {subprocess.py:93} INFO - Bronze Stage Completed. Total Raw Records Loaded: 84000
[2026-07-23T06:24:47.989+0000] {subprocess.py:93} INFO - 
[2026-07-23T06:24:47.990+0000] {subprocess.py:93} INFO - ============================================================
[2026-07-23T06:24:47.992+0000] {subprocess.py:93} INFO - PIPELINE COMPLETED SUCCESSFULLY!
[2026-07-23T06:24:47.994+0000] {subprocess.py:93} INFO - ============================================================
[2026-07-23T06:24:48.259+0000] {subprocess.py:97} INFO - Command exited with return code 0
[2026-07-23T06:24:48.344+0000] {taskinstance.py:340} INFO - ::group::Post task execution logs
[2026-07-23T06:24:48.348+0000] {taskinstance.py:352} INFO - Marking task as SUCCESS. dag_id=youtube_medallion_pipeline, task_id=stage_bronze_layer, run_id=manual__2026-07-23T06:23:08+00:00, execution_date=20260723T062308, start_date=20260723T062439, end_date=20260723T062448
[2026-07-23T06:24:48.411+0000] {local_task_job_runner.py:266} INFO - Task exited with return code 0
[2026-07-23T06:24:48.462+0000] {taskinstance.py:3900} INFO - 1 downstream tasks scheduled from follow-on schedule check
[2026-07-23T06:24:48.467+0000] {local_task_job_runner.py:245} INFO - ::endgroup::
