[2026-07-24T03:37:53.306+0000] {processor.py:186} INFO - Started process (PID=2014) to work on /opt/airflow/dags/youtube_medallion_pipeline.py
[2026-07-24T03:37:53.346+0000] {processor.py:914} INFO - Processing file /opt/airflow/dags/youtube_medallion_pipeline.py for tasks to queue
[2026-07-24T03:37:53.446+0000] {logging_mixin.py:190} INFO - [2026-07-24T03:37:53.434+0000] {dagbag.py:588} INFO - Filling up the DagBag from /opt/airflow/dags/youtube_medallion_pipeline.py
[2026-07-24T03:37:56.558+0000] {processor.py:925} INFO - DAG(s) 'youtube_medallion_pipeline' retrieved from /opt/airflow/dags/youtube_medallion_pipeline.py
[2026-07-24T03:37:59.158+0000] {logging_mixin.py:190} INFO - [2026-07-24T03:37:59.158+0000] {dag.py:3239} INFO - Sync 1 DAGs
[2026-07-24T03:37:59.403+0000] {logging_mixin.py:190} INFO - [2026-07-24T03:37:59.402+0000] {dag.py:4180} INFO - Setting next_dagrun for youtube_medallion_pipeline to None, run_after=None
[2026-07-24T03:37:59.778+0000] {processor.py:208} INFO - Processing /opt/airflow/dags/youtube_medallion_pipeline.py took 6.818 seconds
[2026-07-24T03:38:31.499+0000] {processor.py:186} INFO - Started process (PID=2019) to work on /opt/airflow/dags/youtube_medallion_pipeline.py
[2026-07-24T03:38:31.502+0000] {processor.py:914} INFO - Processing file /opt/airflow/dags/youtube_medallion_pipeline.py for tasks to queue
[2026-07-24T03:38:31.509+0000] {logging_mixin.py:190} INFO - [2026-07-24T03:38:31.508+0000] {dagbag.py:588} INFO - Filling up the DagBag from /opt/airflow/dags/youtube_medallion_pipeline.py
[2026-07-24T03:38:31.600+0000] {processor.py:925} INFO - DAG(s) 'youtube_medallion_pipeline' retrieved from /opt/airflow/dags/youtube_medallion_pipeline.py
[2026-07-24T03:38:32.331+0000] {logging_mixin.py:190} INFO - [2026-07-24T03:38:32.329+0000] {dag.py:3239} INFO - Sync 1 DAGs
[2026-07-24T03:38:32.542+0000] {logging_mixin.py:190} INFO - [2026-07-24T03:38:32.542+0000] {dag.py:4180} INFO - Setting next_dagrun for youtube_medallion_pipeline to None, run_after=None
[2026-07-24T03:38:32.611+0000] {processor.py:208} INFO - Processing /opt/airflow/dags/youtube_medallion_pipeline.py took 1.123 seconds
[2026-07-24T03:39:03.634+0000] {processor.py:186} INFO - Started process (PID=2024) to work on /opt/airflow/dags/youtube_medallion_pipeline.py
[2026-07-24T03:39:03.637+0000] {processor.py:914} INFO - Processing file /opt/airflow/dags/youtube_medallion_pipeline.py for tasks to queue
[2026-07-24T03:39:03.643+0000] {logging_mixin.py:190} INFO - [2026-07-24T03:39:03.642+0000] {dagbag.py:588} INFO - Filling up the DagBag from /opt/airflow/dags/youtube_medallion_pipeline.py
[2026-07-24T03:39:03.851+0000] {processor.py:925} INFO - DAG(s) 'youtube_medallion_pipeline' retrieved from /opt/airflow/dags/youtube_medallion_pipeline.py
[2026-07-24T03:39:03.953+0000] {logging_mixin.py:190} INFO - [2026-07-24T03:39:03.951+0000] {dag.py:3239} INFO - Sync 1 DAGs
[2026-07-24T03:39:04.116+0000] {logging_mixin.py:190} INFO - [2026-07-24T03:39:04.115+0000] {dag.py:4180} INFO - Setting next_dagrun for youtube_medallion_pipeline to None, run_after=None
[2026-07-24T03:39:04.305+0000] {processor.py:208} INFO - Processing /opt/airflow/dags/youtube_medallion_pipeline.py took 0.683 seconds
[2026-07-24T03:39:34.623+0000] {processor.py:186} INFO - Started process (PID=2029) to work on /opt/airflow/dags/youtube_medallion_pipeline.py
[2026-07-24T03:39:34.632+0000] {processor.py:914} INFO - Processing file /opt/airflow/dags/youtube_medallion_pipeline.py for tasks to queue
[2026-07-24T03:39:34.651+0000] {logging_mixin.py:190} INFO - [2026-07-24T03:39:34.647+0000] {dagbag.py:588} INFO - Filling up the DagBag from /opt/airflow/dags/youtube_medallion_pipeline.py
[2026-07-24T03:39:34.792+0000] {processor.py:925} INFO - DAG(s) 'youtube_medallion_pipeline' retrieved from /opt/airflow/dags/youtube_medallion_pipeline.py
[2026-07-24T03:39:35.083+0000] {logging_mixin.py:190} INFO - [2026-07-24T03:39:35.082+0000] {dag.py:3239} INFO - Sync 1 DAGs
[2026-07-24T03:39:35.178+0000] {logging_mixin.py:190} INFO - [2026-07-24T03:39:35.178+0000] {dag.py:4180} INFO - Setting next_dagrun for youtube_medallion_pipeline to None, run_after=None
[2026-07-24T03:39:35.246+0000] {processor.py:208} INFO - Processing /opt/airflow/dags/youtube_medallion_pipeline.py took 0.652 seconds
[2026-07-24T03:40:05.591+0000] {processor.py:186} INFO - Started process (PID=2034) to work on /opt/airflow/dags/youtube_medallion_pipeline.py
[2026-07-24T03:40:05.596+0000] {processor.py:914} INFO - Processing file /opt/airflow/dags/youtube_medallion_pipeline.py for tasks to queue
[2026-07-24T03:40:05.614+0000] {logging_mixin.py:190} INFO - [2026-07-24T03:40:05.613+0000] {dagbag.py:588} INFO - Filling up the DagBag from /opt/airflow/dags/youtube_medallion_pipeline.py
[2026-07-24T03:40:05.664+0000] {processor.py:925} INFO - DAG(s) 'youtube_medallion_pipeline' retrieved from /opt/airflow/dags/youtube_medallion_pipeline.py
[2026-07-24T03:40:05.797+0000] {logging_mixin.py:190} INFO - [2026-07-24T03:40:05.796+0000] {dag.py:3239} INFO - Sync 1 DAGs
[2026-07-24T03:40:06.024+0000] {logging_mixin.py:190} INFO - [2026-07-24T03:40:06.024+0000] {dag.py:4180} INFO - Setting next_dagrun for youtube_medallion_pipeline to None, run_after=None
[2026-07-24T03:40:06.432+0000] {processor.py:208} INFO - Processing /opt/airflow/dags/youtube_medallion_pipeline.py took 0.862 seconds
[2026-07-24T03:40:36.657+0000] {processor.py:186} INFO - Started process (PID=2039) to work on /opt/airflow/dags/youtube_medallion_pipeline.py
[2026-07-24T03:40:36.660+0000] {processor.py:914} INFO - Processing file /opt/airflow/dags/youtube_medallion_pipeline.py for tasks to queue
[2026-07-24T03:40:36.665+0000] {logging_mixin.py:190} INFO - [2026-07-24T03:40:36.664+0000] {dagbag.py:588} INFO - Filling up the DagBag from /opt/airflow/dags/youtube_medallion_pipeline.py
[2026-07-24T03:40:36.698+0000] {processor.py:925} INFO - DAG(s) 'youtube_medallion_pipeline' retrieved from /opt/airflow/dags/youtube_medallion_pipeline.py
[2026-07-24T03:40:36.756+0000] {logging_mixin.py:190} INFO - [2026-07-24T03:40:36.756+0000] {dag.py:3239} INFO - Sync 1 DAGs
[2026-07-24T03:40:36.781+0000] {logging_mixin.py:190} INFO - [2026-07-24T03:40:36.780+0000] {dag.py:4180} INFO - Setting next_dagrun for youtube_medallion_pipeline to None, run_after=None
[2026-07-24T03:40:36.826+0000] {processor.py:208} INFO - Processing /opt/airflow/dags/youtube_medallion_pipeline.py took 0.178 seconds
[2026-07-24T03:41:07.022+0000] {processor.py:186} INFO - Started process (PID=2044) to work on /opt/airflow/dags/youtube_medallion_pipeline.py
[2026-07-24T03:41:07.027+0000] {processor.py:914} INFO - Processing file /opt/airflow/dags/youtube_medallion_pipeline.py for tasks to queue
[2026-07-24T03:41:07.034+0000] {logging_mixin.py:190} INFO - [2026-07-24T03:41:07.033+0000] {dagbag.py:588} INFO - Filling up the DagBag from /opt/airflow/dags/youtube_medallion_pipeline.py
[2026-07-24T03:41:07.078+0000] {processor.py:925} INFO - DAG(s) 'youtube_medallion_pipeline' retrieved from /opt/airflow/dags/youtube_medallion_pipeline.py
[2026-07-24T03:41:07.157+0000] {logging_mixin.py:190} INFO - [2026-07-24T03:41:07.157+0000] {dag.py:3239} INFO - Sync 1 DAGs
[2026-07-24T03:41:07.191+0000] {logging_mixin.py:190} INFO - [2026-07-24T03:41:07.190+0000] {dag.py:4180} INFO - Setting next_dagrun for youtube_medallion_pipeline to None, run_after=None
[2026-07-24T03:41:07.248+0000] {processor.py:208} INFO - Processing /opt/airflow/dags/youtube_medallion_pipeline.py took 0.240 seconds
[2026-07-24T03:41:37.581+0000] {processor.py:186} INFO - Started process (PID=2049) to work on /opt/airflow/dags/youtube_medallion_pipeline.py
[2026-07-24T03:41:37.587+0000] {processor.py:914} INFO - Processing file /opt/airflow/dags/youtube_medallion_pipeline.py for tasks to queue
[2026-07-24T03:41:37.598+0000] {logging_mixin.py:190} INFO - [2026-07-24T03:41:37.596+0000] {dagbag.py:588} INFO - Filling up the DagBag from /opt/airflow/dags/youtube_medallion_pipeline.py
[2026-07-24T03:41:37.636+0000] {processor.py:925} INFO - DAG(s) 'youtube_medallion_pipeline' retrieved from /opt/airflow/dags/youtube_medallion_pipeline.py
[2026-07-24T03:41:37.700+0000] {logging_mixin.py:190} INFO - [2026-07-24T03:41:37.699+0000] {dag.py:3239} INFO - Sync 1 DAGs
[2026-07-24T03:41:37.733+0000] {logging_mixin.py:190} INFO - [2026-07-24T03:41:37.732+0000] {dag.py:4180} INFO - Setting next_dagrun for youtube_medallion_pipeline to None, run_after=None
[2026-07-24T03:41:37.813+0000] {processor.py:208} INFO - Processing /opt/airflow/dags/youtube_medallion_pipeline.py took 0.247 seconds
[2026-07-24T03:42:07.986+0000] {processor.py:186} INFO - Started process (PID=2054) to work on /opt/airflow/dags/youtube_medallion_pipeline.py
[2026-07-24T03:42:07.988+0000] {processor.py:914} INFO - Processing file /opt/airflow/dags/youtube_medallion_pipeline.py for tasks to queue
[2026-07-24T03:42:07.994+0000] {logging_mixin.py:190} INFO - [2026-07-24T03:42:07.993+0000] {dagbag.py:588} INFO - Filling up the DagBag from /opt/airflow/dags/youtube_medallion_pipeline.py
[2026-07-24T03:42:08.029+0000] {processor.py:925} INFO - DAG(s) 'youtube_medallion_pipeline' retrieved from /opt/airflow/dags/youtube_medallion_pipeline.py
[2026-07-24T03:42:08.094+0000] {logging_mixin.py:190} INFO - [2026-07-24T03:42:08.094+0000] {dag.py:3239} INFO - Sync 1 DAGs
[2026-07-24T03:42:08.121+0000] {logging_mixin.py:190} INFO - [2026-07-24T03:42:08.121+0000] {dag.py:4180} INFO - Setting next_dagrun for youtube_medallion_pipeline to None, run_after=None
[2026-07-24T03:42:08.160+0000] {processor.py:208} INFO - Processing /opt/airflow/dags/youtube_medallion_pipeline.py took 0.187 seconds
[2026-07-24T03:42:38.478+0000] {processor.py:186} INFO - Started process (PID=2059) to work on /opt/airflow/dags/youtube_medallion_pipeline.py
[2026-07-24T03:42:38.480+0000] {processor.py:914} INFO - Processing file /opt/airflow/dags/youtube_medallion_pipeline.py for tasks to queue
[2026-07-24T03:42:38.484+0000] {logging_mixin.py:190} INFO - [2026-07-24T03:42:38.484+0000] {dagbag.py:588} INFO - Filling up the DagBag from /opt/airflow/dags/youtube_medallion_pipeline.py
[2026-07-24T03:42:38.517+0000] {processor.py:925} INFO - DAG(s) 'youtube_medallion_pipeline' retrieved from /opt/airflow/dags/youtube_medallion_pipeline.py
[2026-07-24T03:42:38.589+0000] {logging_mixin.py:190} INFO - [2026-07-24T03:42:38.589+0000] {dag.py:3239} INFO - Sync 1 DAGs
[2026-07-24T03:42:38.630+0000] {logging_mixin.py:190} INFO - [2026-07-24T03:42:38.630+0000] {dag.py:4180} INFO - Setting next_dagrun for youtube_medallion_pipeline to None, run_after=None
[2026-07-24T03:42:38.715+0000] {processor.py:208} INFO - Processing /opt/airflow/dags/youtube_medallion_pipeline.py took 0.246 seconds
[2026-07-24T03:43:09.160+0000] {processor.py:186} INFO - Started process (PID=2064) to work on /opt/airflow/dags/youtube_medallion_pipeline.py
[2026-07-24T03:43:09.162+0000] {processor.py:914} INFO - Processing file /opt/airflow/dags/youtube_medallion_pipeline.py for tasks to queue
[2026-07-24T03:43:09.167+0000] {logging_mixin.py:190} INFO - [2026-07-24T03:43:09.166+0000] {dagbag.py:588} INFO - Filling up the DagBag from /opt/airflow/dags/youtube_medallion_pipeline.py
[2026-07-24T03:43:09.197+0000] {processor.py:925} INFO - DAG(s) 'youtube_medallion_pipeline' retrieved from /opt/airflow/dags/youtube_medallion_pipeline.py
[2026-07-24T03:43:09.256+0000] {logging_mixin.py:190} INFO - [2026-07-24T03:43:09.256+0000] {dag.py:3239} INFO - Sync 1 DAGs
[2026-07-24T03:43:09.280+0000] {logging_mixin.py:190} INFO - [2026-07-24T03:43:09.280+0000] {dag.py:4180} INFO - Setting next_dagrun for youtube_medallion_pipeline to None, run_after=None
[2026-07-24T03:43:09.316+0000] {processor.py:208} INFO - Processing /opt/airflow/dags/youtube_medallion_pipeline.py took 0.164 seconds
[2026-07-24T03:43:39.625+0000] {processor.py:186} INFO - Started process (PID=2069) to work on /opt/airflow/dags/youtube_medallion_pipeline.py
[2026-07-24T03:43:39.680+0000] {processor.py:914} INFO - Processing file /opt/airflow/dags/youtube_medallion_pipeline.py for tasks to queue
[2026-07-24T03:43:39.686+0000] {logging_mixin.py:190} INFO - [2026-07-24T03:43:39.685+0000] {dagbag.py:588} INFO - Filling up the DagBag from /opt/airflow/dags/youtube_medallion_pipeline.py
[2026-07-24T03:43:39.742+0000] {processor.py:925} INFO - DAG(s) 'youtube_medallion_pipeline' retrieved from /opt/airflow/dags/youtube_medallion_pipeline.py
[2026-07-24T03:43:39.792+0000] {logging_mixin.py:190} INFO - [2026-07-24T03:43:39.792+0000] {dag.py:3239} INFO - Sync 1 DAGs
[2026-07-24T03:43:39.818+0000] {logging_mixin.py:190} INFO - [2026-07-24T03:43:39.817+0000] {dag.py:4180} INFO - Setting next_dagrun for youtube_medallion_pipeline to None, run_after=None
[2026-07-24T03:43:39.877+0000] {processor.py:208} INFO - Processing /opt/airflow/dags/youtube_medallion_pipeline.py took 0.266 seconds
[2026-07-24T03:44:10.150+0000] {processor.py:186} INFO - Started process (PID=2074) to work on /opt/airflow/dags/youtube_medallion_pipeline.py
[2026-07-24T03:44:10.163+0000] {processor.py:914} INFO - Processing file /opt/airflow/dags/youtube_medallion_pipeline.py for tasks to queue
[2026-07-24T03:44:10.224+0000] {logging_mixin.py:190} INFO - [2026-07-24T03:44:10.217+0000] {dagbag.py:588} INFO - Filling up the DagBag from /opt/airflow/dags/youtube_medallion_pipeline.py
[2026-07-24T03:44:10.281+0000] {processor.py:925} INFO - DAG(s) 'youtube_medallion_pipeline' retrieved from /opt/airflow/dags/youtube_medallion_pipeline.py
[2026-07-24T03:44:10.338+0000] {logging_mixin.py:190} INFO - [2026-07-24T03:44:10.337+0000] {dag.py:3239} INFO - Sync 1 DAGs
[2026-07-24T03:44:10.368+0000] {logging_mixin.py:190} INFO - [2026-07-24T03:44:10.368+0000] {dag.py:4180} INFO - Setting next_dagrun for youtube_medallion_pipeline to None, run_after=None
[2026-07-24T03:44:10.406+0000] {processor.py:208} INFO - Processing /opt/airflow/dags/youtube_medallion_pipeline.py took 0.303 seconds
[2026-07-24T03:44:40.594+0000] {processor.py:186} INFO - Started process (PID=2079) to work on /opt/airflow/dags/youtube_medallion_pipeline.py
[2026-07-24T03:44:40.596+0000] {processor.py:914} INFO - Processing file /opt/airflow/dags/youtube_medallion_pipeline.py for tasks to queue
[2026-07-24T03:44:40.601+0000] {logging_mixin.py:190} INFO - [2026-07-24T03:44:40.600+0000] {dagbag.py:588} INFO - Filling up the DagBag from /opt/airflow/dags/youtube_medallion_pipeline.py
[2026-07-24T03:44:40.639+0000] {processor.py:925} INFO - DAG(s) 'youtube_medallion_pipeline' retrieved from /opt/airflow/dags/youtube_medallion_pipeline.py
[2026-07-24T03:44:40.713+0000] {logging_mixin.py:190} INFO - [2026-07-24T03:44:40.712+0000] {dag.py:3239} INFO - Sync 1 DAGs
[2026-07-24T03:44:40.759+0000] {logging_mixin.py:190} INFO - [2026-07-24T03:44:40.758+0000] {dag.py:4180} INFO - Setting next_dagrun for youtube_medallion_pipeline to None, run_after=None
[2026-07-24T03:44:40.833+0000] {processor.py:208} INFO - Processing /opt/airflow/dags/youtube_medallion_pipeline.py took 0.249 seconds
[2026-07-24T03:45:11.275+0000] {processor.py:186} INFO - Started process (PID=2084) to work on /opt/airflow/dags/youtube_medallion_pipeline.py
[2026-07-24T03:45:11.280+0000] {processor.py:914} INFO - Processing file /opt/airflow/dags/youtube_medallion_pipeline.py for tasks to queue
[2026-07-24T03:45:11.289+0000] {logging_mixin.py:190} INFO - [2026-07-24T03:45:11.286+0000] {dagbag.py:588} INFO - Filling up the DagBag from /opt/airflow/dags/youtube_medallion_pipeline.py
[2026-07-24T03:45:11.359+0000] {processor.py:925} INFO - DAG(s) 'youtube_medallion_pipeline' retrieved from /opt/airflow/dags/youtube_medallion_pipeline.py
[2026-07-24T03:45:11.499+0000] {logging_mixin.py:190} INFO - [2026-07-24T03:45:11.498+0000] {dag.py:3239} INFO - Sync 1 DAGs
[2026-07-24T03:45:11.564+0000] {logging_mixin.py:190} INFO - [2026-07-24T03:45:11.563+0000] {dag.py:4180} INFO - Setting next_dagrun for youtube_medallion_pipeline to None, run_after=None
[2026-07-24T03:45:11.633+0000] {processor.py:208} INFO - Processing /opt/airflow/dags/youtube_medallion_pipeline.py took 0.372 seconds
[2026-07-24T03:45:42.053+0000] {processor.py:186} INFO - Started process (PID=2089) to work on /opt/airflow/dags/youtube_medallion_pipeline.py
[2026-07-24T03:45:42.056+0000] {processor.py:914} INFO - Processing file /opt/airflow/dags/youtube_medallion_pipeline.py for tasks to queue
[2026-07-24T03:45:42.061+0000] {logging_mixin.py:190} INFO - [2026-07-24T03:45:42.061+0000] {dagbag.py:588} INFO - Filling up the DagBag from /opt/airflow/dags/youtube_medallion_pipeline.py
[2026-07-24T03:45:42.097+0000] {processor.py:925} INFO - DAG(s) 'youtube_medallion_pipeline' retrieved from /opt/airflow/dags/youtube_medallion_pipeline.py
[2026-07-24T03:45:42.163+0000] {logging_mixin.py:190} INFO - [2026-07-24T03:45:42.162+0000] {dag.py:3239} INFO - Sync 1 DAGs
[2026-07-24T03:45:42.190+0000] {logging_mixin.py:190} INFO - [2026-07-24T03:45:42.189+0000] {dag.py:4180} INFO - Setting next_dagrun for youtube_medallion_pipeline to None, run_after=None
[2026-07-24T03:45:42.226+0000] {processor.py:208} INFO - Processing /opt/airflow/dags/youtube_medallion_pipeline.py took 0.182 seconds
[2026-07-24T03:46:12.378+0000] {processor.py:186} INFO - Started process (PID=2094) to work on /opt/airflow/dags/youtube_medallion_pipeline.py
[2026-07-24T03:46:12.380+0000] {processor.py:914} INFO - Processing file /opt/airflow/dags/youtube_medallion_pipeline.py for tasks to queue
[2026-07-24T03:46:12.386+0000] {logging_mixin.py:190} INFO - [2026-07-24T03:46:12.385+0000] {dagbag.py:588} INFO - Filling up the DagBag from /opt/airflow/dags/youtube_medallion_pipeline.py
[2026-07-24T03:46:12.424+0000] {processor.py:925} INFO - DAG(s) 'youtube_medallion_pipeline' retrieved from /opt/airflow/dags/youtube_medallion_pipeline.py
[2026-07-24T03:46:12.483+0000] {logging_mixin.py:190} INFO - [2026-07-24T03:46:12.483+0000] {dag.py:3239} INFO - Sync 1 DAGs
[2026-07-24T03:46:12.515+0000] {logging_mixin.py:190} INFO - [2026-07-24T03:46:12.515+0000] {dag.py:4180} INFO - Setting next_dagrun for youtube_medallion_pipeline to None, run_after=None
[2026-07-24T03:46:12.551+0000] {processor.py:208} INFO - Processing /opt/airflow/dags/youtube_medallion_pipeline.py took 0.185 seconds
[2026-07-24T03:46:42.814+0000] {processor.py:186} INFO - Started process (PID=2099) to work on /opt/airflow/dags/youtube_medallion_pipeline.py
[2026-07-24T03:46:42.818+0000] {processor.py:914} INFO - Processing file /opt/airflow/dags/youtube_medallion_pipeline.py for tasks to queue
[2026-07-24T03:46:42.829+0000] {logging_mixin.py:190} INFO - [2026-07-24T03:46:42.828+0000] {dagbag.py:588} INFO - Filling up the DagBag from /opt/airflow/dags/youtube_medallion_pipeline.py
[2026-07-24T03:46:42.899+0000] {processor.py:925} INFO - DAG(s) 'youtube_medallion_pipeline' retrieved from /opt/airflow/dags/youtube_medallion_pipeline.py
[2026-07-24T03:46:42.981+0000] {logging_mixin.py:190} INFO - [2026-07-24T03:46:42.980+0000] {dag.py:3239} INFO - Sync 1 DAGs
[2026-07-24T03:46:43.017+0000] {logging_mixin.py:190} INFO - [2026-07-24T03:46:43.016+0000] {dag.py:4180} INFO - Setting next_dagrun for youtube_medallion_pipeline to None, run_after=None
[2026-07-24T03:46:43.058+0000] {processor.py:208} INFO - Processing /opt/airflow/dags/youtube_medallion_pipeline.py took 0.267 seconds
[2026-07-24T03:47:13.305+0000] {processor.py:186} INFO - Started process (PID=2104) to work on /opt/airflow/dags/youtube_medallion_pipeline.py
[2026-07-24T03:47:13.309+0000] {processor.py:914} INFO - Processing file /opt/airflow/dags/youtube_medallion_pipeline.py for tasks to queue
[2026-07-24T03:47:13.317+0000] {logging_mixin.py:190} INFO - [2026-07-24T03:47:13.316+0000] {dagbag.py:588} INFO - Filling up the DagBag from /opt/airflow/dags/youtube_medallion_pipeline.py
[2026-07-24T03:47:13.359+0000] {processor.py:925} INFO - DAG(s) 'youtube_medallion_pipeline' retrieved from /opt/airflow/dags/youtube_medallion_pipeline.py
[2026-07-24T03:47:13.431+0000] {logging_mixin.py:190} INFO - [2026-07-24T03:47:13.431+0000] {dag.py:3239} INFO - Sync 1 DAGs
[2026-07-24T03:47:13.463+0000] {logging_mixin.py:190} INFO - [2026-07-24T03:47:13.463+0000] {dag.py:4180} INFO - Setting next_dagrun for youtube_medallion_pipeline to None, run_after=None
[2026-07-24T03:47:13.496+0000] {processor.py:208} INFO - Processing /opt/airflow/dags/youtube_medallion_pipeline.py took 0.205 seconds
[2026-07-24T03:47:44.242+0000] {processor.py:186} INFO - Started process (PID=2109) to work on /opt/airflow/dags/youtube_medallion_pipeline.py
[2026-07-24T03:47:44.245+0000] {processor.py:914} INFO - Processing file /opt/airflow/dags/youtube_medallion_pipeline.py for tasks to queue
[2026-07-24T03:47:44.250+0000] {logging_mixin.py:190} INFO - [2026-07-24T03:47:44.250+0000] {dagbag.py:588} INFO - Filling up the DagBag from /opt/airflow/dags/youtube_medallion_pipeline.py
[2026-07-24T03:47:44.286+0000] {processor.py:925} INFO - DAG(s) 'youtube_medallion_pipeline' retrieved from /opt/airflow/dags/youtube_medallion_pipeline.py
[2026-07-24T03:47:44.356+0000] {logging_mixin.py:190} INFO - [2026-07-24T03:47:44.355+0000] {dag.py:3239} INFO - Sync 1 DAGs
[2026-07-24T03:47:44.418+0000] {logging_mixin.py:190} INFO - [2026-07-24T03:47:44.417+0000] {dag.py:4180} INFO - Setting next_dagrun for youtube_medallion_pipeline to None, run_after=None
[2026-07-24T03:47:44.525+0000] {processor.py:208} INFO - Processing /opt/airflow/dags/youtube_medallion_pipeline.py took 0.299 seconds
[2026-07-24T03:48:15.037+0000] {processor.py:186} INFO - Started process (PID=2114) to work on /opt/airflow/dags/youtube_medallion_pipeline.py
[2026-07-24T03:48:15.041+0000] {processor.py:914} INFO - Processing file /opt/airflow/dags/youtube_medallion_pipeline.py for tasks to queue
[2026-07-24T03:48:15.048+0000] {logging_mixin.py:190} INFO - [2026-07-24T03:48:15.047+0000] {dagbag.py:588} INFO - Filling up the DagBag from /opt/airflow/dags/youtube_medallion_pipeline.py
[2026-07-24T03:48:15.093+0000] {processor.py:925} INFO - DAG(s) 'youtube_medallion_pipeline' retrieved from /opt/airflow/dags/youtube_medallion_pipeline.py
[2026-07-24T03:48:15.166+0000] {logging_mixin.py:190} INFO - [2026-07-24T03:48:15.166+0000] {dag.py:3239} INFO - Sync 1 DAGs
[2026-07-24T03:48:15.204+0000] {logging_mixin.py:190} INFO - [2026-07-24T03:48:15.204+0000] {dag.py:4180} INFO - Setting next_dagrun for youtube_medallion_pipeline to None, run_after=None
[2026-07-24T03:48:15.250+0000] {processor.py:208} INFO - Processing /opt/airflow/dags/youtube_medallion_pipeline.py took 0.229 seconds
[2026-07-24T03:48:45.423+0000] {processor.py:186} INFO - Started process (PID=2119) to work on /opt/airflow/dags/youtube_medallion_pipeline.py
[2026-07-24T03:48:45.427+0000] {processor.py:914} INFO - Processing file /opt/airflow/dags/youtube_medallion_pipeline.py for tasks to queue
[2026-07-24T03:48:45.435+0000] {logging_mixin.py:190} INFO - [2026-07-24T03:48:45.434+0000] {dagbag.py:588} INFO - Filling up the DagBag from /opt/airflow/dags/youtube_medallion_pipeline.py
[2026-07-24T03:48:45.496+0000] {processor.py:925} INFO - DAG(s) 'youtube_medallion_pipeline' retrieved from /opt/airflow/dags/youtube_medallion_pipeline.py
[2026-07-24T03:48:45.712+0000] {logging_mixin.py:190} INFO - [2026-07-24T03:48:45.711+0000] {dag.py:3239} INFO - Sync 1 DAGs
[2026-07-24T03:48:45.830+0000] {logging_mixin.py:190} INFO - [2026-07-24T03:48:45.829+0000] {dag.py:4180} INFO - Setting next_dagrun for youtube_medallion_pipeline to None, run_after=None
[2026-07-24T03:48:45.940+0000] {processor.py:208} INFO - Processing /opt/airflow/dags/youtube_medallion_pipeline.py took 0.539 seconds
[2026-07-24T03:49:16.378+0000] {processor.py:186} INFO - Started process (PID=2124) to work on /opt/airflow/dags/youtube_medallion_pipeline.py
[2026-07-24T03:49:16.381+0000] {processor.py:914} INFO - Processing file /opt/airflow/dags/youtube_medallion_pipeline.py for tasks to queue
[2026-07-24T03:49:16.391+0000] {logging_mixin.py:190} INFO - [2026-07-24T03:49:16.389+0000] {dagbag.py:588} INFO - Filling up the DagBag from /opt/airflow/dags/youtube_medallion_pipeline.py
[2026-07-24T03:49:16.451+0000] {processor.py:925} INFO - DAG(s) 'youtube_medallion_pipeline' retrieved from /opt/airflow/dags/youtube_medallion_pipeline.py
[2026-07-24T03:49:16.527+0000] {logging_mixin.py:190} INFO - [2026-07-24T03:49:16.527+0000] {dag.py:3239} INFO - Sync 1 DAGs
[2026-07-24T03:49:16.562+0000] {logging_mixin.py:190} INFO - [2026-07-24T03:49:16.561+0000] {dag.py:4180} INFO - Setting next_dagrun for youtube_medallion_pipeline to None, run_after=None
[2026-07-24T03:49:16.603+0000] {processor.py:208} INFO - Processing /opt/airflow/dags/youtube_medallion_pipeline.py took 0.240 seconds
[2026-07-24T03:49:46.741+0000] {processor.py:186} INFO - Started process (PID=2129) to work on /opt/airflow/dags/youtube_medallion_pipeline.py
[2026-07-24T03:49:46.744+0000] {processor.py:914} INFO - Processing file /opt/airflow/dags/youtube_medallion_pipeline.py for tasks to queue
[2026-07-24T03:49:46.754+0000] {logging_mixin.py:190} INFO - [2026-07-24T03:49:46.752+0000] {dagbag.py:588} INFO - Filling up the DagBag from /opt/airflow/dags/youtube_medallion_pipeline.py
[2026-07-24T03:49:46.800+0000] {processor.py:925} INFO - DAG(s) 'youtube_medallion_pipeline' retrieved from /opt/airflow/dags/youtube_medallion_pipeline.py
[2026-07-24T03:49:46.876+0000] {logging_mixin.py:190} INFO - [2026-07-24T03:49:46.876+0000] {dag.py:3239} INFO - Sync 1 DAGs
[2026-07-24T03:49:46.914+0000] {logging_mixin.py:190} INFO - [2026-07-24T03:49:46.914+0000] {dag.py:4180} INFO - Setting next_dagrun for youtube_medallion_pipeline to None, run_after=None
[2026-07-24T03:49:46.969+0000] {processor.py:208} INFO - Processing /opt/airflow/dags/youtube_medallion_pipeline.py took 0.248 seconds
[2026-07-24T03:50:17.345+0000] {processor.py:186} INFO - Started process (PID=2134) to work on /opt/airflow/dags/youtube_medallion_pipeline.py
[2026-07-24T03:50:17.347+0000] {processor.py:914} INFO - Processing file /opt/airflow/dags/youtube_medallion_pipeline.py for tasks to queue
[2026-07-24T03:50:17.352+0000] {logging_mixin.py:190} INFO - [2026-07-24T03:50:17.351+0000] {dagbag.py:588} INFO - Filling up the DagBag from /opt/airflow/dags/youtube_medallion_pipeline.py
[2026-07-24T03:50:17.389+0000] {processor.py:925} INFO - DAG(s) 'youtube_medallion_pipeline' retrieved from /opt/airflow/dags/youtube_medallion_pipeline.py
[2026-07-24T03:50:17.455+0000] {logging_mixin.py:190} INFO - [2026-07-24T03:50:17.455+0000] {dag.py:3239} INFO - Sync 1 DAGs
[2026-07-24T03:50:17.485+0000] {logging_mixin.py:190} INFO - [2026-07-24T03:50:17.484+0000] {dag.py:4180} INFO - Setting next_dagrun for youtube_medallion_pipeline to None, run_after=None
[2026-07-24T03:50:17.527+0000] {processor.py:208} INFO - Processing /opt/airflow/dags/youtube_medallion_pipeline.py took 0.194 seconds
[2026-07-24T03:50:47.686+0000] {processor.py:186} INFO - Started process (PID=2139) to work on /opt/airflow/dags/youtube_medallion_pipeline.py
[2026-07-24T03:50:47.688+0000] {processor.py:914} INFO - Processing file /opt/airflow/dags/youtube_medallion_pipeline.py for tasks to queue
[2026-07-24T03:50:47.694+0000] {logging_mixin.py:190} INFO - [2026-07-24T03:50:47.693+0000] {dagbag.py:588} INFO - Filling up the DagBag from /opt/airflow/dags/youtube_medallion_pipeline.py
[2026-07-24T03:50:47.732+0000] {processor.py:925} INFO - DAG(s) 'youtube_medallion_pipeline' retrieved from /opt/airflow/dags/youtube_medallion_pipeline.py
[2026-07-24T03:50:47.791+0000] {logging_mixin.py:190} INFO - [2026-07-24T03:50:47.790+0000] {dag.py:3239} INFO - Sync 1 DAGs
[2026-07-24T03:50:47.823+0000] {logging_mixin.py:190} INFO - [2026-07-24T03:50:47.822+0000] {dag.py:4180} INFO - Setting next_dagrun for youtube_medallion_pipeline to None, run_after=None
[2026-07-24T03:50:47.865+0000] {processor.py:208} INFO - Processing /opt/airflow/dags/youtube_medallion_pipeline.py took 0.192 seconds
[2026-07-24T03:51:18.069+0000] {processor.py:186} INFO - Started process (PID=2144) to work on /opt/airflow/dags/youtube_medallion_pipeline.py
[2026-07-24T03:51:18.073+0000] {processor.py:914} INFO - Processing file /opt/airflow/dags/youtube_medallion_pipeline.py for tasks to queue
[2026-07-24T03:51:18.080+0000] {logging_mixin.py:190} INFO - [2026-07-24T03:51:18.079+0000] {dagbag.py:588} INFO - Filling up the DagBag from /opt/airflow/dags/youtube_medallion_pipeline.py
[2026-07-24T03:51:18.133+0000] {processor.py:925} INFO - DAG(s) 'youtube_medallion_pipeline' retrieved from /opt/airflow/dags/youtube_medallion_pipeline.py
[2026-07-24T03:51:18.265+0000] {logging_mixin.py:190} INFO - [2026-07-24T03:51:18.255+0000] {dag.py:3239} INFO - Sync 1 DAGs
[2026-07-24T03:51:18.324+0000] {logging_mixin.py:190} INFO - [2026-07-24T03:51:18.324+0000] {dag.py:4180} INFO - Setting next_dagrun for youtube_medallion_pipeline to None, run_after=None
[2026-07-24T03:51:18.399+0000] {processor.py:208} INFO - Processing /opt/airflow/dags/youtube_medallion_pipeline.py took 0.340 seconds
[2026-07-24T03:51:48.723+0000] {processor.py:186} INFO - Started process (PID=2149) to work on /opt/airflow/dags/youtube_medallion_pipeline.py
[2026-07-24T03:51:48.727+0000] {processor.py:914} INFO - Processing file /opt/airflow/dags/youtube_medallion_pipeline.py for tasks to queue
[2026-07-24T03:51:48.735+0000] {logging_mixin.py:190} INFO - [2026-07-24T03:51:48.734+0000] {dagbag.py:588} INFO - Filling up the DagBag from /opt/airflow/dags/youtube_medallion_pipeline.py
[2026-07-24T03:51:48.801+0000] {processor.py:925} INFO - DAG(s) 'youtube_medallion_pipeline' retrieved from /opt/airflow/dags/youtube_medallion_pipeline.py
[2026-07-24T03:51:48.928+0000] {logging_mixin.py:190} INFO - [2026-07-24T03:51:48.927+0000] {dag.py:3239} INFO - Sync 1 DAGs
[2026-07-24T03:51:48.974+0000] {logging_mixin.py:190} INFO - [2026-07-24T03:51:48.973+0000] {dag.py:4180} INFO - Setting next_dagrun for youtube_medallion_pipeline to None, run_after=None
[2026-07-24T03:51:49.031+0000] {processor.py:208} INFO - Processing /opt/airflow/dags/youtube_medallion_pipeline.py took 0.327 seconds
[2026-07-24T03:52:19.478+0000] {processor.py:186} INFO - Started process (PID=2154) to work on /opt/airflow/dags/youtube_medallion_pipeline.py
[2026-07-24T03:52:19.481+0000] {processor.py:914} INFO - Processing file /opt/airflow/dags/youtube_medallion_pipeline.py for tasks to queue
[2026-07-24T03:52:19.487+0000] {logging_mixin.py:190} INFO - [2026-07-24T03:52:19.486+0000] {dagbag.py:588} INFO - Filling up the DagBag from /opt/airflow/dags/youtube_medallion_pipeline.py
[2026-07-24T03:52:19.528+0000] {processor.py:925} INFO - DAG(s) 'youtube_medallion_pipeline' retrieved from /opt/airflow/dags/youtube_medallion_pipeline.py
[2026-07-24T03:52:19.598+0000] {logging_mixin.py:190} INFO - [2026-07-24T03:52:19.597+0000] {dag.py:3239} INFO - Sync 1 DAGs
[2026-07-24T03:52:19.626+0000] {logging_mixin.py:190} INFO - [2026-07-24T03:52:19.626+0000] {dag.py:4180} INFO - Setting next_dagrun for youtube_medallion_pipeline to None, run_after=None
[2026-07-24T03:52:19.676+0000] {processor.py:208} INFO - Processing /opt/airflow/dags/youtube_medallion_pipeline.py took 0.210 seconds
[2026-07-24T03:52:49.866+0000] {processor.py:186} INFO - Started process (PID=2159) to work on /opt/airflow/dags/youtube_medallion_pipeline.py
[2026-07-24T03:52:49.869+0000] {processor.py:914} INFO - Processing file /opt/airflow/dags/youtube_medallion_pipeline.py for tasks to queue
[2026-07-24T03:52:49.877+0000] {logging_mixin.py:190} INFO - [2026-07-24T03:52:49.876+0000] {dagbag.py:588} INFO - Filling up the DagBag from /opt/airflow/dags/youtube_medallion_pipeline.py
[2026-07-24T03:52:49.926+0000] {processor.py:925} INFO - DAG(s) 'youtube_medallion_pipeline' retrieved from /opt/airflow/dags/youtube_medallion_pipeline.py
[2026-07-24T03:52:50.006+0000] {logging_mixin.py:190} INFO - [2026-07-24T03:52:50.006+0000] {dag.py:3239} INFO - Sync 1 DAGs
[2026-07-24T03:52:50.042+0000] {logging_mixin.py:190} INFO - [2026-07-24T03:52:50.041+0000] {dag.py:4180} INFO - Setting next_dagrun for youtube_medallion_pipeline to None, run_after=None
[2026-07-24T03:52:50.086+0000] {processor.py:208} INFO - Processing /opt/airflow/dags/youtube_medallion_pipeline.py took 0.234 seconds
[2026-07-24T03:53:20.285+0000] {processor.py:186} INFO - Started process (PID=2164) to work on /opt/airflow/dags/youtube_medallion_pipeline.py
[2026-07-24T03:53:20.288+0000] {processor.py:914} INFO - Processing file /opt/airflow/dags/youtube_medallion_pipeline.py for tasks to queue
[2026-07-24T03:53:20.298+0000] {logging_mixin.py:190} INFO - [2026-07-24T03:53:20.296+0000] {dagbag.py:588} INFO - Filling up the DagBag from /opt/airflow/dags/youtube_medallion_pipeline.py
[2026-07-24T03:53:20.359+0000] {processor.py:925} INFO - DAG(s) 'youtube_medallion_pipeline' retrieved from /opt/airflow/dags/youtube_medallion_pipeline.py
[2026-07-24T03:53:20.435+0000] {logging_mixin.py:190} INFO - [2026-07-24T03:53:20.434+0000] {dag.py:3239} INFO - Sync 1 DAGs
[2026-07-24T03:53:20.475+0000] {logging_mixin.py:190} INFO - [2026-07-24T03:53:20.474+0000] {dag.py:4180} INFO - Setting next_dagrun for youtube_medallion_pipeline to None, run_after=None
[2026-07-24T03:53:36.187+0000] {processor.py:208} INFO - Processing /opt/airflow/dags/youtube_medallion_pipeline.py took 15.925 seconds
[2026-07-24T03:54:06.593+0000] {processor.py:186} INFO - Started process (PID=2169) to work on /opt/airflow/dags/youtube_medallion_pipeline.py
[2026-07-24T03:54:06.595+0000] {processor.py:914} INFO - Processing file /opt/airflow/dags/youtube_medallion_pipeline.py for tasks to queue
[2026-07-24T03:54:06.599+0000] {logging_mixin.py:190} INFO - [2026-07-24T03:54:06.599+0000] {dagbag.py:588} INFO - Filling up the DagBag from /opt/airflow/dags/youtube_medallion_pipeline.py
[2026-07-24T03:54:06.633+0000] {processor.py:925} INFO - DAG(s) 'youtube_medallion_pipeline' retrieved from /opt/airflow/dags/youtube_medallion_pipeline.py
[2026-07-24T03:54:06.687+0000] {logging_mixin.py:190} INFO - [2026-07-24T03:54:06.687+0000] {dag.py:3239} INFO - Sync 1 DAGs
[2026-07-24T03:54:06.710+0000] {logging_mixin.py:190} INFO - [2026-07-24T03:54:06.710+0000] {dag.py:4180} INFO - Setting next_dagrun for youtube_medallion_pipeline to None, run_after=None
[2026-07-24T03:54:06.749+0000] {processor.py:208} INFO - Processing /opt/airflow/dags/youtube_medallion_pipeline.py took 0.165 seconds
[2026-07-24T03:54:36.967+0000] {processor.py:186} INFO - Started process (PID=2174) to work on /opt/airflow/dags/youtube_medallion_pipeline.py
[2026-07-24T03:54:36.969+0000] {processor.py:914} INFO - Processing file /opt/airflow/dags/youtube_medallion_pipeline.py for tasks to queue
[2026-07-24T03:54:36.976+0000] {logging_mixin.py:190} INFO - [2026-07-24T03:54:36.975+0000] {dagbag.py:588} INFO - Filling up the DagBag from /opt/airflow/dags/youtube_medallion_pipeline.py
[2026-07-24T03:54:37.010+0000] {processor.py:925} INFO - DAG(s) 'youtube_medallion_pipeline' retrieved from /opt/airflow/dags/youtube_medallion_pipeline.py
[2026-07-24T03:54:37.112+0000] {logging_mixin.py:190} INFO - [2026-07-24T03:54:37.111+0000] {dag.py:3239} INFO - Sync 1 DAGs
[2026-07-24T03:54:37.145+0000] {logging_mixin.py:190} INFO - [2026-07-24T03:54:37.145+0000] {dag.py:4180} INFO - Setting next_dagrun for youtube_medallion_pipeline to None, run_after=None
[2026-07-24T03:54:37.302+0000] {processor.py:208} INFO - Processing /opt/airflow/dags/youtube_medallion_pipeline.py took 0.346 seconds
[2026-07-24T03:55:07.589+0000] {processor.py:186} INFO - Started process (PID=2179) to work on /opt/airflow/dags/youtube_medallion_pipeline.py
[2026-07-24T03:55:07.592+0000] {processor.py:914} INFO - Processing file /opt/airflow/dags/youtube_medallion_pipeline.py for tasks to queue
[2026-07-24T03:55:07.601+0000] {logging_mixin.py:190} INFO - [2026-07-24T03:55:07.599+0000] {dagbag.py:588} INFO - Filling up the DagBag from /opt/airflow/dags/youtube_medallion_pipeline.py
[2026-07-24T03:55:07.657+0000] {processor.py:925} INFO - DAG(s) 'youtube_medallion_pipeline' retrieved from /opt/airflow/dags/youtube_medallion_pipeline.py
[2026-07-24T03:55:07.727+0000] {logging_mixin.py:190} INFO - [2026-07-24T03:55:07.727+0000] {dag.py:3239} INFO - Sync 1 DAGs
[2026-07-24T03:55:07.764+0000] {logging_mixin.py:190} INFO - [2026-07-24T03:55:07.764+0000] {dag.py:4180} INFO - Setting next_dagrun for youtube_medallion_pipeline to None, run_after=None
[2026-07-24T03:55:07.810+0000] {processor.py:208} INFO - Processing /opt/airflow/dags/youtube_medallion_pipeline.py took 0.239 seconds
[2026-07-24T03:55:38.071+0000] {processor.py:186} INFO - Started process (PID=2184) to work on /opt/airflow/dags/youtube_medallion_pipeline.py
[2026-07-24T03:55:38.074+0000] {processor.py:914} INFO - Processing file /opt/airflow/dags/youtube_medallion_pipeline.py for tasks to queue
[2026-07-24T03:55:38.082+0000] {logging_mixin.py:190} INFO - [2026-07-24T03:55:38.081+0000] {dagbag.py:588} INFO - Filling up the DagBag from /opt/airflow/dags/youtube_medallion_pipeline.py
[2026-07-24T03:55:38.126+0000] {processor.py:925} INFO - DAG(s) 'youtube_medallion_pipeline' retrieved from /opt/airflow/dags/youtube_medallion_pipeline.py
[2026-07-24T03:55:38.193+0000] {logging_mixin.py:190} INFO - [2026-07-24T03:55:38.193+0000] {dag.py:3239} INFO - Sync 1 DAGs
[2026-07-24T03:55:38.227+0000] {logging_mixin.py:190} INFO - [2026-07-24T03:55:38.227+0000] {dag.py:4180} INFO - Setting next_dagrun for youtube_medallion_pipeline to None, run_after=None
[2026-07-24T03:55:38.270+0000] {processor.py:208} INFO - Processing /opt/airflow/dags/youtube_medallion_pipeline.py took 0.214 seconds
[2026-07-24T03:56:08.590+0000] {processor.py:186} INFO - Started process (PID=2189) to work on /opt/airflow/dags/youtube_medallion_pipeline.py
[2026-07-24T03:56:08.592+0000] {processor.py:914} INFO - Processing file /opt/airflow/dags/youtube_medallion_pipeline.py for tasks to queue
[2026-07-24T03:56:08.598+0000] {logging_mixin.py:190} INFO - [2026-07-24T03:56:08.598+0000] {dagbag.py:588} INFO - Filling up the DagBag from /opt/airflow/dags/youtube_medallion_pipeline.py
[2026-07-24T03:56:08.632+0000] {processor.py:925} INFO - DAG(s) 'youtube_medallion_pipeline' retrieved from /opt/airflow/dags/youtube_medallion_pipeline.py
[2026-07-24T03:56:08.682+0000] {logging_mixin.py:190} INFO - [2026-07-24T03:56:08.682+0000] {dag.py:3239} INFO - Sync 1 DAGs
[2026-07-24T03:56:08.709+0000] {logging_mixin.py:190} INFO - [2026-07-24T03:56:08.708+0000] {dag.py:4180} INFO - Setting next_dagrun for youtube_medallion_pipeline to None, run_after=None
[2026-07-24T03:56:09.328+0000] {processor.py:208} INFO - Processing /opt/airflow/dags/youtube_medallion_pipeline.py took 0.750 seconds
[2026-07-24T03:56:39.817+0000] {processor.py:186} INFO - Started process (PID=2194) to work on /opt/airflow/dags/youtube_medallion_pipeline.py
[2026-07-24T03:56:39.819+0000] {processor.py:914} INFO - Processing file /opt/airflow/dags/youtube_medallion_pipeline.py for tasks to queue
[2026-07-24T03:56:39.828+0000] {logging_mixin.py:190} INFO - [2026-07-24T03:56:39.828+0000] {dagbag.py:588} INFO - Filling up the DagBag from /opt/airflow/dags/youtube_medallion_pipeline.py
[2026-07-24T03:56:39.865+0000] {processor.py:925} INFO - DAG(s) 'youtube_medallion_pipeline' retrieved from /opt/airflow/dags/youtube_medallion_pipeline.py
[2026-07-24T03:56:39.927+0000] {logging_mixin.py:190} INFO - [2026-07-24T03:56:39.926+0000] {dag.py:3239} INFO - Sync 1 DAGs
[2026-07-24T03:56:39.957+0000] {logging_mixin.py:190} INFO - [2026-07-24T03:56:39.957+0000] {dag.py:4180} INFO - Setting next_dagrun for youtube_medallion_pipeline to None, run_after=None
[2026-07-24T03:56:39.993+0000] {processor.py:208} INFO - Processing /opt/airflow/dags/youtube_medallion_pipeline.py took 0.188 seconds
[2026-07-24T03:57:10.400+0000] {processor.py:186} INFO - Started process (PID=2199) to work on /opt/airflow/dags/youtube_medallion_pipeline.py
[2026-07-24T03:57:10.402+0000] {processor.py:914} INFO - Processing file /opt/airflow/dags/youtube_medallion_pipeline.py for tasks to queue
[2026-07-24T03:57:10.408+0000] {logging_mixin.py:190} INFO - [2026-07-24T03:57:10.408+0000] {dagbag.py:588} INFO - Filling up the DagBag from /opt/airflow/dags/youtube_medallion_pipeline.py
[2026-07-24T03:57:10.459+0000] {processor.py:925} INFO - DAG(s) 'youtube_medallion_pipeline' retrieved from /opt/airflow/dags/youtube_medallion_pipeline.py
[2026-07-24T03:57:10.560+0000] {logging_mixin.py:190} INFO - [2026-07-24T03:57:10.560+0000] {dag.py:3239} INFO - Sync 1 DAGs
[2026-07-24T03:57:10.603+0000] {logging_mixin.py:190} INFO - [2026-07-24T03:57:10.602+0000] {dag.py:4180} INFO - Setting next_dagrun for youtube_medallion_pipeline to None, run_after=None
[2026-07-24T03:57:10.681+0000] {processor.py:208} INFO - Processing /opt/airflow/dags/youtube_medallion_pipeline.py took 0.295 seconds
[2026-07-24T03:57:41.383+0000] {processor.py:186} INFO - Started process (PID=2204) to work on /opt/airflow/dags/youtube_medallion_pipeline.py
[2026-07-24T03:57:41.394+0000] {processor.py:914} INFO - Processing file /opt/airflow/dags/youtube_medallion_pipeline.py for tasks to queue
[2026-07-24T03:57:41.412+0000] {logging_mixin.py:190} INFO - [2026-07-24T03:57:41.411+0000] {dagbag.py:588} INFO - Filling up the DagBag from /opt/airflow/dags/youtube_medallion_pipeline.py
[2026-07-24T03:57:41.489+0000] {processor.py:925} INFO - DAG(s) 'youtube_medallion_pipeline' retrieved from /opt/airflow/dags/youtube_medallion_pipeline.py
[2026-07-24T03:57:42.040+0000] {logging_mixin.py:190} INFO - [2026-07-24T03:57:42.039+0000] {dag.py:3239} INFO - Sync 1 DAGs
[2026-07-24T03:57:42.191+0000] {logging_mixin.py:190} INFO - [2026-07-24T03:57:42.190+0000] {dag.py:4180} INFO - Setting next_dagrun for youtube_medallion_pipeline to None, run_after=None
[2026-07-24T03:57:42.317+0000] {processor.py:208} INFO - Processing /opt/airflow/dags/youtube_medallion_pipeline.py took 1.035 seconds
[2026-07-24T03:58:12.799+0000] {processor.py:186} INFO - Started process (PID=2209) to work on /opt/airflow/dags/youtube_medallion_pipeline.py
[2026-07-24T03:58:12.808+0000] {processor.py:914} INFO - Processing file /opt/airflow/dags/youtube_medallion_pipeline.py for tasks to queue
[2026-07-24T03:58:12.826+0000] {logging_mixin.py:190} INFO - [2026-07-24T03:58:12.822+0000] {dagbag.py:588} INFO - Filling up the DagBag from /opt/airflow/dags/youtube_medallion_pipeline.py
[2026-07-24T03:58:13.034+0000] {processor.py:925} INFO - DAG(s) 'youtube_medallion_pipeline' retrieved from /opt/airflow/dags/youtube_medallion_pipeline.py
[2026-07-24T03:58:13.164+0000] {logging_mixin.py:190} INFO - [2026-07-24T03:58:13.164+0000] {dag.py:3239} INFO - Sync 1 DAGs
[2026-07-24T03:58:13.218+0000] {logging_mixin.py:190} INFO - [2026-07-24T03:58:13.217+0000] {dag.py:4180} INFO - Setting next_dagrun for youtube_medallion_pipeline to None, run_after=None
[2026-07-24T03:58:13.533+0000] {processor.py:208} INFO - Processing /opt/airflow/dags/youtube_medallion_pipeline.py took 0.816 seconds
