[2026-07-25T11:33:47.796+0000] {local_task_job_runner.py:123} INFO - ::group::Pre task execution logs
[2026-07-25T11:33:47.868+0000] {taskinstance.py:2612} INFO - Dependencies all met for dep_context=non-requeueable deps ti=<TaskInstance: youtube_medallion_pipeline.stage_bronze_layer manual__2026-07-25T11:31:54.720127+00:00 [queued]>
[2026-07-25T11:33:47.899+0000] {taskinstance.py:2612} INFO - Dependencies all met for dep_context=requeueable deps ti=<TaskInstance: youtube_medallion_pipeline.stage_bronze_layer manual__2026-07-25T11:31:54.720127+00:00 [queued]>
[2026-07-25T11:33:47.902+0000] {taskinstance.py:2865} INFO - Starting attempt 1 of 2
[2026-07-25T11:33:47.937+0000] {taskinstance.py:2888} INFO - Executing <Task(BashOperator): stage_bronze_layer> on 2026-07-25 11:31:54.720127+00:00
[2026-07-25T11:33:47.971+0000] {logging_mixin.py:190} WARNING - /home/***/.local/lib/python3.12/site-packages/***/task/task_runner/standard_task_runner.py:70 DeprecationWarning: This process (pid=259) is multi-threaded, use of fork() may lead to deadlocks in the child.
[2026-07-25T11:33:47.977+0000] {standard_task_runner.py:72} INFO - Started process 260 to run task
[2026-07-25T11:33:47.971+0000] {standard_task_runner.py:104} INFO - Running: ['***', 'tasks', 'run', 'youtube_medallion_pipeline', 'stage_bronze_layer', 'manual__2026-07-25T11:31:54.720127+00:00', '--job-id', '16', '--raw', '--subdir', 'DAGS_FOLDER/youtube_medallion_pipeline.py', '--cfg-path', '/tmp/tmpz5d5qr2b']
[2026-07-25T11:33:47.988+0000] {standard_task_runner.py:105} INFO - Job 16: Subtask stage_bronze_layer
[2026-07-25T11:33:48.153+0000] {task_command.py:467} INFO - Running <TaskInstance: youtube_medallion_pipeline.stage_bronze_layer manual__2026-07-25T11:31:54.720127+00:00 [running]> on host 3828ab3d209a
[2026-07-25T11:33:48.554+0000] {taskinstance.py:3131} INFO - Exporting env vars: AIRFLOW_CTX_DAG_OWNER='data_engineering_team' AIRFLOW_CTX_DAG_ID='youtube_medallion_pipeline' AIRFLOW_CTX_TASK_ID='stage_bronze_layer' AIRFLOW_CTX_EXECUTION_DATE='2026-07-25T11:31:54.720127+00:00' AIRFLOW_CTX_TRY_NUMBER='1' AIRFLOW_CTX_DAG_RUN_ID='manual__2026-07-25T11:31:54.720127+00:00'
[2026-07-25T11:33:48.558+0000] {taskinstance.py:731} INFO - ::endgroup::
[2026-07-25T11:33:48.680+0000] {subprocess.py:63} INFO - Tmp dir root location: /tmp
[2026-07-25T11:33:48.691+0000] {subprocess.py:75} INFO - Running command: ['/usr/bin/bash', '-c', '\n        batch="initial"\n        reset_flag=""\n        if [ "$batch" = "initial" ] && [ "false" = "true" ]; then\n            reset_flag="--reset"\n        fi\n        python /opt/***/scripts/run_pipeline.py --batch "$batch" --step bronze $reset_flag\n        ']
[2026-07-25T11:33:48.720+0000] {subprocess.py:86} INFO - Output:
[2026-07-25T11:34:57.235+0000] {subprocess.py:93} INFO - ============================================================
[2026-07-25T11:34:58.492+0000] {subprocess.py:93} INFO - STARTING PIPELINE EXECUTION
[2026-07-25T11:34:58.495+0000] {subprocess.py:93} INFO - Run ID:     run_initial_20260725_113352_1a06
[2026-07-25T11:34:58.499+0000] {subprocess.py:93} INFO - Batch Type: INITIAL
[2026-07-25T11:34:58.502+0000] {subprocess.py:93} INFO - Step:       BRONZE
[2026-07-25T11:34:58.507+0000] {subprocess.py:93} INFO - Reset DB:   False
[2026-07-25T11:34:58.510+0000] {subprocess.py:93} INFO - ============================================================
[2026-07-25T11:34:58.513+0000] {subprocess.py:93} INFO - 
[2026-07-25T11:34:58.516+0000] {subprocess.py:93} INFO - ========================================
[2026-07-25T11:34:58.518+0000] {subprocess.py:93} INFO - RUNNING BRONZE LAYER STAGE - BATCH: INITIAL
[2026-07-25T11:34:58.521+0000] {subprocess.py:93} INFO - ========================================
[2026-07-25T11:34:58.524+0000] {subprocess.py:93} INFO - Loading /opt/***/source_data/initial/channels.csv into bronze.channels_raw...
[2026-07-25T11:34:58.531+0000] {subprocess.py:93} INFO - Successfully loaded 14000 rows into bronze.channels_raw.
[2026-07-25T11:34:58.534+0000] {subprocess.py:93} INFO - Loading /opt/***/source_data/initial/videos.csv into bronze.videos_raw...
[2026-07-25T11:34:58.538+0000] {subprocess.py:93} INFO - Successfully loaded 35000 rows into bronze.videos_raw.
[2026-07-25T11:34:58.541+0000] {subprocess.py:93} INFO - Loading /opt/***/source_data/initial/comments.csv into bronze.comments_raw...
[2026-07-25T11:34:58.544+0000] {subprocess.py:93} INFO - Successfully loaded 35000 rows into bronze.comments_raw.
[2026-07-25T11:34:58.547+0000] {subprocess.py:93} INFO - Bronze Stage Completed. Total Raw Records Loaded: 84000
[2026-07-25T11:34:58.549+0000] {subprocess.py:93} INFO - 
[2026-07-25T11:34:58.551+0000] {subprocess.py:93} INFO - ============================================================
[2026-07-25T11:34:58.553+0000] {subprocess.py:93} INFO - PIPELINE COMPLETED SUCCESSFULLY!
[2026-07-25T11:34:58.557+0000] {subprocess.py:93} INFO - ============================================================
[2026-07-25T11:35:00.852+0000] {subprocess.py:97} INFO - Command exited with return code 0
[2026-07-25T11:35:02.087+0000] {taskinstance.py:340} INFO - ::group::Post task execution logs
[2026-07-25T11:35:02.109+0000] {taskinstance.py:352} INFO - Marking task as SUCCESS. dag_id=youtube_medallion_pipeline, task_id=stage_bronze_layer, run_id=manual__2026-07-25T11:31:54.720127+00:00, execution_date=20260725T113154, start_date=20260725T113347, end_date=20260725T113502
[2026-07-25T11:35:02.361+0000] {local_task_job_runner.py:266} INFO - Task exited with return code 0
[2026-07-25T11:35:02.706+0000] {taskinstance.py:3900} INFO - 1 downstream tasks scheduled from follow-on schedule check
[2026-07-25T11:35:02.714+0000] {local_task_job_runner.py:245} INFO - ::endgroup::
